// Jest Snapshot v1, https://goo.gl/fbAQLP

exports[`should render ParkingList with parkings 1`] = `
<div>
  <div
    className="list-body"
  >
    <ParkingListItem
      active={false}
      address="Sint-Michielsplein 8
    9000 Gent"
      capacityRounding={1}
      city={
        Object {
          "id": 1004,
          "name": "Gent",
        }
      }
      contactInfo="Tel.: 09 266 29 20"
      description="Sint-Michiels"
      id={18408}
      index={0}
      key="18408"
      lastModifiedDate="2016-04-12T12:58:15.673Z"
      latitude={51.05367}
      longitude={3.7186}
      name="P07 Sint-Michiels"
      onPark={[Function]}
      openingTimes={
        Array [
          Object {
            "days": Array [
              "MONDAY",
              "TUESDAY",
              "WEDNESDAY",
              "THURSDAY",
              "FRIDAY",
              "SATURDAY",
              "SUNDAY",
            ],
            "from": "00:00",
            "to": "23:59",
          },
        ]
      }
      parkingServer={
        Object {
          "id": 1005,
          "name": "ITG Gent",
        }
      }
      parkingStatus={
        Object {
          "activeRoute": "",
          "availableCapacity": 93,
          "lastModifiedDate": "03/03/2019 15:41:00",
          "open": true,
          "suggestedCapacity": "ACTUAL",
          "totalCapacity": 450,
        }
      }
      suggestedFreeThreshold={4}
      suggestedFullThreshold={4}
      totalCapacity={450}
    />
    <ParkingListItem
      active={false}
      address="Sint-Pietersplein 65
    9000 Gent"
      capacityRounding={1}
      city={
        Object {
          "id": 1004,
          "name": "Gent",
        }
      }
      contactInfo="Tel.: 09 266 29 60"
      description="Sint-Pietersplein"
      id={18411}
      index={1}
      key="18411"
      lastModifiedDate="2016-04-12T12:58:26.649Z"
      latitude={51.04171}
      longitude={3.72557}
      name="P10 Sint-Pietersplein"
      onPark={[Function]}
      openingTimes={
        Array [
          Object {
            "days": Array [
              "MONDAY",
              "TUESDAY",
              "WEDNESDAY",
              "THURSDAY",
              "FRIDAY",
              "SATURDAY",
              "SUNDAY",
            ],
            "from": "00:00",
            "to": "23:59",
          },
        ]
      }
      parkingServer={
        Object {
          "id": 1005,
          "name": "ITG Gent",
        }
      }
      parkingStatus={
        Object {
          "activeRoute": "",
          "availableCapacity": 449,
          "lastModifiedDate": "03/03/2019 15:41:00",
          "open": true,
          "suggestedCapacity": "ACTUAL",
          "totalCapacity": 708,
        }
      }
      suggestedFreeThreshold={3}
      suggestedFullThreshold={3}
      totalCapacity={708}
    />
    <ParkingListItem
      active={false}
      address="Vrijdagmarkt 1
    9000 Gent"
      capacityRounding={1}
      city={
        Object {
          "id": 1004,
          "name": "Gent",
        }
      }
      contactInfo="Tel.: 09 266 29 00
    (permanentie)
    Tel.: 09 266 29 01
    (tijdens kantooruren)"
      description="Vrijdagmarkt"
      id={18405}
      index={2}
      key="18405"
      lastModifiedDate="2016-04-12T12:57:26.709Z"
      latitude={51.05652}
      longitude={3.72595}
      name="P01 Vrijdagmarkt"
      onPark={[Function]}
      openingTimes={
        Array [
          Object {
            "days": Array [
              "MONDAY",
              "TUESDAY",
              "WEDNESDAY",
              "THURSDAY",
              "FRIDAY",
              "SATURDAY",
              "SUNDAY",
            ],
            "from": "00:00",
            "to": "23:59",
          },
        ]
      }
      parkingServer={
        Object {
          "id": 1005,
          "name": "ITG Gent",
        }
      }
      parkingStatus={
        Object {
          "activeRoute": "P01 hoofd aanrijroute",
          "availableCapacity": 47,
          "lastModifiedDate": "03/03/2019 15:43:00",
          "open": true,
          "suggestedCapacity": "ACTUAL",
          "totalCapacity": 647,
        }
      }
      suggestedFreeThreshold={3}
      suggestedFullThreshold={3}
      totalCapacity={647}
    />
    <ParkingListItem
      active={false}
      address="Savaanstraat 13
    9000 Gent"
      blurAvailability={false}
      capacityRounding={1}
      city={
        Object {
          "id": 1004,
          "name": "Gent",
        }
      }
      contactInfo="Tel.: 09 266 29 40"
      description="Savaanstraat"
      id={12687}
      index={3}
      key="12687"
      lastModifiedDate="2016-04-12T12:57:37.637Z"
      latitude={51.04862}
      longitude={3.72225}
      name="P04 Savaanstraat"
      onPark={[Function]}
      openingTimes={
        Array [
          Object {
            "days": Array [
              "MONDAY",
              "TUESDAY",
              "WEDNESDAY",
              "THURSDAY",
              "FRIDAY",
              "SATURDAY",
              "SUNDAY",
            ],
            "from": "00:00",
            "to": "23:59",
          },
        ]
      }
      parkingServer={
        Object {
          "id": 1005,
          "name": "ITG Gent",
        }
      }
      parkingStatus={
        Object {
          "activeRoute": "",
          "availableCapacity": 334,
          "lastModifiedDate": "03/03/2019 15:42:00",
          "open": true,
          "suggestedCapacity": "ACTUAL",
          "totalCapacity": 540,
        }
      }
      suggestedFreeThreshold={2}
      suggestedFullThreshold={2}
      totalCapacity={540}
    />
    <ParkingListItem
      active={false}
      address="Ramen 23
    9000 Gent"
      capacityRounding={1}
      city={
        Object {
          "id": 1004,
          "name": "Gent",
        }
      }
      contactInfo="Tel.: 09 266 29 70"
      description="Ramen"
      id={18414}
      index={4}
      key="18414"
      lastModifiedDate="2016-04-12T12:57:51.602Z"
      latitude={51.05532}
      longitude={3.71653}
      name="P08 Ramen"
      onPark={[Function]}
      openingTimes={
        Array [
          Object {
            "days": Array [
              "MONDAY",
              "TUESDAY",
              "WEDNESDAY",
              "THURSDAY",
              "FRIDAY",
              "SATURDAY",
              "SUNDAY",
            ],
            "from": "00:00",
            "to": "23:59",
          },
        ]
      }
      parkingServer={
        Object {
          "id": 1005,
          "name": "ITG Gent",
        }
      }
      parkingStatus={
        Object {
          "activeRoute": "",
          "availableCapacity": 84,
          "lastModifiedDate": "03/03/2019 15:43:00",
          "open": true,
          "suggestedCapacity": "ACTUAL",
          "totalCapacity": 266,
        }
      }
      suggestedFreeThreshold={8}
      suggestedFullThreshold={8}
      totalCapacity={266}
    />
    <ParkingListItem
      active={false}
      address="Seminariestraat 9
    9000 Gent"
      capacityRounding={1}
      city={
        Object {
          "id": 1004,
          "name": "Gent",
        }
      }
      contactInfo="Tel.: 09 266 29 50"
      description="Reep"
      id={18417}
      index={5}
      key="18417"
      lastModifiedDate="2016-04-12T12:58:03.931Z"
      latitude={51.05207}
      longitude={3.72981}
      name="P02 Reep"
      onPark={[Function]}
      openingTimes={
        Array [
          Object {
            "days": Array [
              "MONDAY",
              "TUESDAY",
              "WEDNESDAY",
              "THURSDAY",
              "FRIDAY",
              "SATURDAY",
              "SUNDAY",
            ],
            "from": "00:00",
            "to": "23:59",
          },
        ]
      }
      parkingServer={
        Object {
          "id": 1005,
          "name": "ITG Gent",
        }
      }
      parkingStatus={
        Object {
          "activeRoute": "",
          "availableCapacity": 225,
          "lastModifiedDate": "03/03/2019 15:42:00",
          "open": true,
          "suggestedCapacity": "ACTUAL",
          "totalCapacity": 470,
        }
      }
      suggestedFreeThreshold={5}
      suggestedFullThreshold={5}
      totalCapacity={470}
    />
  </div>
</div>
`;
